2026-05-26 21:34:42,898 [INFO] GET http://localhost:8000/docs - 200 (0.00s)
2026-05-26 21:34:43,042 [INFO] GET http://localhost:8000/openapi.json - 200 (0.06s)
2026-05-26 21:34:53,085 [INFO] POST http://localhost:8000/api/v1/posts/users/ - 500 (0.21s)
2026-05-26 22:26:41,057 [INFO] GET http://localhost:8000/docs - 200 (0.00s)
2026-05-26 22:26:41,274 [INFO] GET http://localhost:8000/openapi.json - 200 (0.08s)
2026-05-26 22:27:01,038 [INFO] POST http://localhost:8000/api/v1/posts/users/ - 500 (0.20s)
2026-05-26 22:31:31,059 [INFO] GET http://localhost:8000/docs - 200 (0.00s)
2026-05-26 22:31:31,276 [INFO] GET http://localhost:8000/openapi.json - 200 (0.07s)
2026-05-26 22:31:42,213 [INFO] POST http://localhost:8000/api/v1/posts/users/ - 500 (0.23s)
2026-05-26 22:32:19,801 [INFO] POST http://localhost:8000/api/v1/posts/users/ - 500 (0.23s)
2026-05-26 22:37:53,857 [INFO] GET http://localhost:8000/docs - 200 (0.00s)
2026-05-26 22:37:54,079 [INFO] GET http://localhost:8000/openapi.json - 200 (0.09s)
2026-05-26 22:38:11,334 [INFO] POST http://localhost:8000/api/v1/posts/users/ - 500 (0.20s)
2026-05-26 22:45:14,975 [INFO] GET http://localhost:8000/docs - 200 (0.00s)
2026-05-26 22:45:15,162 [INFO] GET http://localhost:8000/openapi.json - 200 (0.06s)
2026-05-26 22:45:18,191 [INFO] POST http://localhost:8000/api/v1/posts/users/ - 422 (0.00s)
2026-05-26 22:45:22,587 [INFO] POST http://localhost:8000/api/v1/posts/users/ - 201 (0.22s)
2026-05-26 22:45:33,697 [INFO] POST http://localhost:8000/api/v1/auth/token - 200 (0.22s)
2026-05-26 22:47:54,158 [INFO] POST http://localhost:8000/api/v1/posts/ - 201 (0.10s)
2026-05-26 22:50:02,306 [INFO] GET http://localhost:8000/api/v1/posts/?skip=0&limit=100 - 200 (0.01s)
